../Inc/driver/Oled/oled.c:20:13:ssd1306_SendCommand	24	static
../Inc/driver/Oled/oled.c:26:13:ssd1306_SendData	40	static
../Inc/driver/Oled/oled.c:50:13:SetPixelRot	24	static
../Inc/driver/Oled/oled.c:67:13:FillRect	32	static
../Inc/driver/Oled/oled.c:78:13:DrawBigDigit	56	static
../Inc/driver/Oled/oled.c:143:13:DrawBigColon	16	static
../Inc/driver/Oled/oled.c:152:6:SSD1306_Init	8	static
../Inc/driver/Oled/oled.c:187:6:SSD1306_Clear	8	static
../Inc/driver/Oled/oled.c:192:6:SSD1306_Update	16	static
../Inc/driver/Oled/oled.c:203:6:SSD1306_DisplayTimeVerticalBig	40	static
