../Inc/driver/I2c/i2c1.c:9:6:I2C1_Init	8	static
../Inc/driver/I2c/i2c1.c:16:13:I2C1_GpioInit	4	static
../Inc/driver/I2c/i2c1.c:41:13:I2C1_CoreInit	4	static
../Inc/driver/I2c/i2c1.c:70:12:I2C1_WaitFlagSet	24	static
../Inc/driver/I2c/i2c1.c:79:12:I2C1_WaitFlagClear	24	static
../Inc/driver/I2c/i2c1.c:88:12:I2C1_StartWrite	16	static
../Inc/driver/I2c/i2c1.c:104:12:I2C1_StartRead	16	static
../Inc/driver/I2c/i2c1.c:120:13:I2C1_Stop	4	static
../Inc/driver/I2c/i2c1.c:127:6:I2C1_WriteRegister	16	static
../Inc/driver/I2c/i2c1.c:145:6:I2C1_WriteMulti	24	static
../Inc/driver/I2c/i2c1.c:152:9:I2C1_ReadRegister	24	static
../Inc/driver/I2c/i2c1.c:183:6:I2C1_ReadMulti	32	static
