../Inc/driver/onewire/ds18b20.c:15:13:delay_us	24	static,ignoring_inline_asm
../Inc/driver/onewire/ds18b20.c:29:13:delay_ms	16	static
../Inc/driver/onewire/ds18b20.c:36:20:ow_pin_low	4	static
../Inc/driver/onewire/ds18b20.c:41:20:ow_pin_high	4	static
../Inc/driver/onewire/ds18b20.c:46:20:ow_pin_output	4	static
../Inc/driver/onewire/ds18b20.c:52:20:ow_pin_input	4	static
../Inc/driver/onewire/ds18b20.c:57:23:ow_pin_read	4	static
../Inc/driver/onewire/ds18b20.c:64:13:OW_GPIO_Init	8	static
../Inc/driver/onewire/ds18b20.c:87:16:OW_ResetPulse	16	static
../Inc/driver/onewire/ds18b20.c:104:13:OW_WriteBit	16	static
../Inc/driver/onewire/ds18b20.c:125:16:OW_ReadBit	16	static
../Inc/driver/onewire/ds18b20.c:142:13:OW_WriteByte	24	static
../Inc/driver/onewire/ds18b20.c:151:16:OW_ReadByte	16	static
../Inc/driver/onewire/ds18b20.c:175:9:DS18B20_Init	8	static
../Inc/driver/onewire/ds18b20.c:186:9:DS18B20_ReadTemp_fp	40	static
